// Jest Snapshot v1, https://goo.gl/fbAQLP

exports[`touchable cell renders the cell, icon, and text 1`] = `
<View
  accessible={true}
  clickable={true}
  isTVSelectable={true}
  onClick={[Function]}
  onResponderGrant={[Function]}
  onResponderMove={[Function]}
  onResponderRelease={[Function]}
  onResponderTerminate={[Function]}
  onResponderTerminationRequest={[Function]}
  onStartShouldSetResponder={[Function]}
  style={
    Object {
      "opacity": 1,
    }
  }
>
  <View
    style={
      Object {
        "alignItems": "center",
        "backgroundColor": "#FFFFFF",
        "flexDirection": "row",
        "justifyContent": "flex-start",
        "minHeight": 40,
        "padding": 8,
        "paddingLeft": 16,
      }
    }
  >
    <RNSVGSvgView
      align="xMidYMid"
      bbHeight={20}
      bbWidth={20}
      focusable={false}
      height={20}
      meetOrSlice={0}
      minX={0}
      minY={0}
      style={
        Array [
          Object {
            "backgroundColor": "transparent",
            "borderWidth": 0,
          },
          Object {
            "paddingLeft": 0,
          },
          Object {
            "opacity": 1,
          },
          Object {
            "flex": 0,
            "height": 20,
            "width": 20,
          },
        ]
      }
      vbHeight={24}
      vbWidth={24}
      width={20}
    >
      <RNSVGGroup
        fill={
          Array [
            0,
            4278190080,
          ]
        }
        fillOpacity={1}
        fillRule={1}
        font={Object {}}
        matrix={
          Array [
            1,
            0,
            0,
            1,
            0,
            0,
          ]
        }
        opacity={1}
        originX={0}
        originY={0}
        propList={Array []}
        rotation={0}
        scaleX={1}
        scaleY={1}
        skewX={0}
        skewY={0}
        stroke={null}
        strokeDasharray={null}
        strokeDashoffset={null}
        strokeLinecap={0}
        strokeLinejoin={0}
        strokeMiterlimit={4}
        strokeOpacity={1}
        strokeWidth={1}
        vectorEffect={0}
        x={0}
        y={0}
      >
        <RNSVGPath
          d="M20.0597015,13.7960954 L6.08955224,23.7223427 C5.75373134,23.9305857 5.35074627,24 5.01492537,24 C4.67910448,24 4.34328358,23.9305857 4.00746269,23.7223427 C3.40298507,23.3752711 3,22.681128 3,21.9175705 L3,2.06507592 C3,1.30151844 3.40298507,0.607375271 4.00746269,0.260303688 C4.6119403,-0.0867678959 5.41791045,-0.0867678959 6.02238806,0.260303688 L20.0597015,10.2559653 C20.6641791,10.6030369 21,11.29718 21,12.0607375 C21,12.7548807 20.6641791,13.3796095 20.0597015,13.7960954 Z"
          fill={
            Array [
              0,
              4281348144,
            ]
          }
          fillOpacity={1}
          fillRule={1}
          matrix={
            Array [
              1,
              0,
              0,
              1,
              0,
              0,
            ]
          }
          opacity={1}
          originX={0}
          originY={0}
          propList={
            Array [
              "fill",
            ]
          }
          rotation={0}
          scaleX={1}
          scaleY={1}
          skewX={0}
          skewY={0}
          stroke={null}
          strokeDasharray={null}
          strokeDashoffset={null}
          strokeLinecap={0}
          strokeLinejoin={0}
          strokeMiterlimit={4}
          strokeOpacity={1}
          strokeWidth={1}
          vectorEffect={0}
          x={0}
          y={0}
        />
      </RNSVGGroup>
    </RNSVGSvgView>
    <Text
      style={
        Object {
          "color": "#303030",
          "flexGrow": 1,
          "flexShrink": 1,
          "fontFamily": "System",
          "fontSize": 14,
          "fontStyle": null,
          "fontWeight": null,
          "lineHeight": 21,
          "paddingLeft": 8,
          "paddingRight": 8,
        }
      }
    >
      This is a cell
    </Text>
  </View>
</View>
`;
