// Jest Snapshot v1, https://goo.gl/fbAQLP

exports[`User Home Feed Query should return correct query results 1`] = `
<BVLinearGradient
  colors={
    Array [
      4294967295,
      4294506484,
    ]
  }
  endPoint={
    Object {
      "x": 0.5,
      "y": 1,
    }
  }
  locations={null}
  startPoint={
    Object {
      "x": 0.5,
      "y": 0,
    }
  }
  style={
    Object {
      "flex": 1,
      "height": "100%",
    }
  }
>
  <View
    onLayout={[Function]}
    pointerEvents="box-none"
    style={
      Object {
        "paddingBottom": 0,
        "paddingLeft": 0,
        "paddingRight": 0,
        "paddingTop": 20,
      }
    }
  >
    <RCTScrollView
      ListHeaderComponent={
        <mapProps(getContext(mapProps(withPropsOnChange(mapProps(Image)))))
          source={
            Object {
              "testUri": "../../../src/tabs/home/wordmark.png",
            }
          }
        />
      }
      data={Array []}
      disableVirtualization={false}
      getItem={[Function]}
      getItemCount={[Function]}
      horizontal={false}
      initialNumToRender={10}
      keyExtractor={[Function]}
      loading={true}
      maxToRenderPerBatch={10}
      numColumns={1}
      onContentSizeChange={[Function]}
      onEndReachedThreshold={0.7}
      onLayout={[Function]}
      onMomentumScrollEnd={[Function]}
      onRefresh={[Function]}
      onScroll={[Function]}
      onScrollBeginDrag={[Function]}
      onScrollEndDrag={[Function]}
      refreshControl={
        <RefreshControlMock
          onRefresh={[Function]}
          refreshing={false}
        />
      }
      refreshing={false}
      removeClippedSubviews={false}
      renderItem={[Function]}
      scrollEventThrottle={50}
      stickyHeaderIndices={Array []}
      updateCellsBatchingPeriod={50}
      viewabilityConfigCallbackPairs={Array []}
      windowSize={21}
    >
      <RCTRefreshControl />
      <View>
        <View
          onLayout={[Function]}
        >
          <Image
            source={
              Object {
                "testUri": "../../../src/tabs/home/wordmark.png",
              }
            }
            style={
              Object {
                "alignSelf": "center",
                "height": 16,
                "margin": 16,
                "resizeMode": "contain",
              }
            }
          />
        </View>
      </View>
    </RCTScrollView>
  </View>
</BVLinearGradient>
`;
