// Jest Snapshot v1, https://goo.gl/fbAQLP

exports[`User Home Feed Query should return correct query results 1`] = `
<BVLinearGradient
  colors={
    Array [
      4294967295,
      4294506484,
    ]
  }
  endPoint={
    Object {
      "x": 0.5,
      "y": 1,
    }
  }
  locations={null}
  startPoint={
    Object {
      "x": 0.5,
      "y": 0,
    }
  }
  style={
    Object {
      "flex": 1,
      "height": "100%",
    }
  }
>
  <View
    onLayout={[Function]}
    pointerEvents="box-none"
    style={
      Object {
        "paddingBottom": 0,
        "paddingLeft": 0,
        "paddingRight": 0,
        "paddingTop": 20,
      }
    }
  />
</BVLinearGradient>
`;
