// Jest Snapshot v1, https://goo.gl/fbAQLP

exports[`User Home Feed Query should return correct query results 1`] = `
<BVLinearGradient
  colors={
    Array [
      4294967295,
      4294506484,
    ]
  }
  endPoint={
    Object {
      "x": 0.5,
      "y": 1,
    }
  }
  locations={null}
  startPoint={
    Object {
      "x": 0.5,
      "y": 0,
    }
  }
  style={
    Object {
      "flex": 1,
      "height": "100%",
    }
  }
>
  <View
    onLayout={[Function]}
    pointerEvents="box-none"
    style={
      Object {
        "paddingBottom": 0,
        "paddingLeft": 0,
        "paddingRight": 0,
        "paddingTop": 20,
      }
    }
  >
    <RCTScrollView
      ListHeaderComponent={
        <React.Fragment>
          <mapProps(getContext(mapProps(withPropsOnChange(mapProps(Image)))))
            source={
              Object {
                "testUri": "../../../src/tabs/home/wordmark.png",
              }
            }
          />
          <Memo(Features)
            navigation={
              Object {
                "getParam": [MockFunction],
                "navigate": [MockFunction],
                "setParams": [MockFunction],
              }
            }
          />
        </React.Fragment>
      }
      data={
        Array [
          Object {
            "channelType": "",
            "coverImage": Array [],
            "id": "fakeId0",
            "isLoading": true,
            "parentChannel": Object {
              "id": "",
              "name": "",
            },
            "title": "",
          },
          Object {
            "channelType": "",
            "coverImage": Array [],
            "id": "fakeId1",
            "isLoading": true,
            "parentChannel": Object {
              "id": "",
              "name": "",
            },
            "title": "",
          },
          Object {
            "channelType": "",
            "coverImage": Array [],
            "id": "fakeId2",
            "isLoading": true,
            "parentChannel": Object {
              "id": "",
              "name": "",
            },
            "title": "",
          },
          Object {
            "channelType": "",
            "coverImage": Array [],
            "id": "fakeId3",
            "isLoading": true,
            "parentChannel": Object {
              "id": "",
              "name": "",
            },
            "title": "",
          },
          Object {
            "channelType": "",
            "coverImage": Array [],
            "id": "fakeId4",
            "isLoading": true,
            "parentChannel": Object {
              "id": "",
              "name": "",
            },
            "title": "",
          },
          Object {
            "channelType": "",
            "coverImage": Array [],
            "id": "fakeId5",
            "isLoading": true,
            "parentChannel": Object {
              "id": "",
              "name": "",
            },
            "title": "",
          },
          Object {
            "channelType": "",
            "coverImage": Array [],
            "id": "fakeId6",
            "isLoading": true,
            "parentChannel": Object {
              "id": "",
              "name": "",
            },
            "title": "",
          },
          Object {
            "channelType": "",
            "coverImage": Array [],
            "id": "fakeId7",
            "isLoading": true,
            "parentChannel": Object {
              "id": "",
              "name": "",
            },
            "title": "",
          },
          Object {
            "channelType": "",
            "coverImage": Array [],
            "id": "fakeId8",
            "isLoading": true,
            "parentChannel": Object {
              "id": "",
              "name": "",
            },
            "title": "",
          },
          Object {
            "channelType": "",
            "coverImage": Array [],
            "id": "fakeId9",
            "isLoading": true,
            "parentChannel": Object {
              "id": "",
              "name": "",
            },
            "title": "",
          },
        ]
      }
      disableVirtualization={false}
      getItem={[Function]}
      getItemCount={[Function]}
      horizontal={false}
      initialNumToRender={10}
      keyExtractor={[Function]}
      maxToRenderPerBatch={10}
      numColumns={1}
      onContentSizeChange={[Function]}
      onEndReached={[Function]}
      onEndReachedThreshold={0.7}
      onLayout={[Function]}
      onMomentumScrollEnd={[Function]}
      onPressItem={[Function]}
      onRefresh={[Function]}
      onScroll={[Function]}
      onScrollBeginDrag={[Function]}
      onScrollEndDrag={[Function]}
      refreshControl={
        <RefreshControlMock
          onRefresh={[Function]}
          refreshing={true}
        />
      }
      refreshing={true}
      removeClippedSubviews={false}
      renderItem={[Function]}
      scrollEventThrottle={50}
      stickyHeaderIndices={Array []}
      updateCellsBatchingPeriod={50}
      viewabilityConfigCallbackPairs={Array []}
      windowSize={21}
    >
      <RCTRefreshControl />
      <View>
        <View
          onLayout={[Function]}
        >
          <Image
            source={
              Object {
                "testUri": "../../../src/tabs/home/wordmark.png",
              }
            }
            style={
              Object {
                "alignSelf": "center",
                "height": 16,
                "margin": 16,
                "resizeMode": "contain",
              }
            }
          />
        </View>
        <View
          onLayout={[Function]}
          style={null}
        >
          <View
            accessible={true}
            clickable={true}
            onClick={[Function]}
            onResponderGrant={[Function]}
            onResponderMove={[Function]}
            onResponderRelease={[Function]}
            onResponderTerminate={[Function]}
            onResponderTerminationRequest={[Function]}
            onStartShouldSetResponder={[Function]}
            style={
              Object {
                "transform": Array [
                  Object {
                    "scale": 1,
                  },
                ],
              }
            }
          >
            <View
              isLoading={true}
              style={
                Object {
                  "backgroundColor": "#FFFFFF",
                  "borderRadius": 16,
                  "marginHorizontal": 16,
                  "marginVertical": 12,
                  "shadowColor": "rgba(0, 0, 0, 0.09999999999999998)",
                  "shadowOffset": Object {
                    "height": 2,
                    "width": 0,
                  },
                  "shadowOpacity": 1,
                  "shadowRadius": 8,
                }
              }
            >
              <View
                style={
                  Object {
                    "borderRadius": 16,
                    "overflow": "hidden",
                  }
                }
              >
                <View
                  style={
                    Object {
                      "backgroundColor": "#A5A5A5",
                      "overflow": "hidden",
                      "width": "100%",
                    }
                  }
                >
                  <View
                    animate={null}
                    customAnimate={null}
                    onReady={false}
                    style={
                      Object {
                        "aspectRatio": 1,
                        "backgroundColor": "#A5A5A5",
                        "resizeMode": "cover",
                        "width": "100%",
                      }
                    }
                  >
                    <Image
                      maxAspectRatio={1.78}
                      minAspectRatio={1.2}
                      onLoad={[Function]}
                      source={Array []}
                      style={
                        Object {
                          "aspectRatio": 1,
                          "backgroundColor": "#A5A5A5",
                          "opacity": 0,
                          "resizeMode": "cover",
                          "width": "100%",
                        }
                      }
                    />
                  </View>
                  <BVLinearGradient
                    colors={
                      Array [
                        2147483648,
                        0,
                      ]
                    }
                    endPoint={
                      Object {
                        "x": 0,
                        "y": 1,
                      }
                    }
                    locations={
                      Array [
                        0,
                        1,
                      ]
                    }
                    overlayColor="#000000"
                    overlayType="gradient-top"
                    startPoint={
                      Object {
                        "x": 0,
                        "y": 0,
                      }
                    }
                    style={
                      Object {
                        "bottom": 0,
                        "left": 0,
                        "position": "absolute",
                        "right": 0,
                        "top": 0,
                      }
                    }
                  />
                </View>
                <View
                  style={
                    Object {
                      "alignItems": "flex-start",
                      "paddingBottom": 32,
                      "paddingHorizontal": 24,
                      "paddingVertical": 16,
                    }
                  }
                >
                  <View
                    style={
                      Object {
                        "marginBottom": 16,
                        "marginTop": -32,
                      }
                    }
                  >
                    <View
                      style={
                        Object {
                          "alignItems": "center",
                          "alignSelf": "stretch",
                          "backgroundColor": "#A5A5A5",
                          "borderRadius": 16,
                          "height": 32,
                          "paddingHorizontal": 12,
                          "width": 64,
                        }
                      }
                    />
                  </View>
                </View>
              </View>
            </View>
          </View>
        </View>
        <View
          onLayout={[Function]}
          style={null}
        >
          <View
            accessible={true}
            clickable={true}
            onClick={[Function]}
            onResponderGrant={[Function]}
            onResponderMove={[Function]}
            onResponderRelease={[Function]}
            onResponderTerminate={[Function]}
            onResponderTerminationRequest={[Function]}
            onStartShouldSetResponder={[Function]}
            style={
              Object {
                "transform": Array [
                  Object {
                    "scale": 1,
                  },
                ],
              }
            }
          >
            <View
              isLoading={true}
              style={
                Object {
                  "backgroundColor": "#FFFFFF",
                  "borderRadius": 16,
                  "marginHorizontal": 16,
                  "marginVertical": 12,
                  "shadowColor": "rgba(0, 0, 0, 0.09999999999999998)",
                  "shadowOffset": Object {
                    "height": 2,
                    "width": 0,
                  },
                  "shadowOpacity": 1,
                  "shadowRadius": 8,
                }
              }
            >
              <View
                style={
                  Object {
                    "borderRadius": 16,
                    "overflow": "hidden",
                  }
                }
              >
                <View
                  style={
                    Object {
                      "backgroundColor": "#A5A5A5",
                      "overflow": "hidden",
                      "width": "100%",
                    }
                  }
                >
                  <View
                    animate={null}
                    customAnimate={null}
                    onReady={false}
                    style={
                      Object {
                        "aspectRatio": 1,
                        "backgroundColor": "#A5A5A5",
                        "resizeMode": "cover",
                        "width": "100%",
                      }
                    }
                  >
                    <Image
                      maxAspectRatio={1.78}
                      minAspectRatio={1.2}
                      onLoad={[Function]}
                      source={Array []}
                      style={
                        Object {
                          "aspectRatio": 1,
                          "backgroundColor": "#A5A5A5",
                          "opacity": 0,
                          "resizeMode": "cover",
                          "width": "100%",
                        }
                      }
                    />
                  </View>
                  <BVLinearGradient
                    colors={
                      Array [
                        2147483648,
                        0,
                      ]
                    }
                    endPoint={
                      Object {
                        "x": 0,
                        "y": 1,
                      }
                    }
                    locations={
                      Array [
                        0,
                        1,
                      ]
                    }
                    overlayColor="#000000"
                    overlayType="gradient-top"
                    startPoint={
                      Object {
                        "x": 0,
                        "y": 0,
                      }
                    }
                    style={
                      Object {
                        "bottom": 0,
                        "left": 0,
                        "position": "absolute",
                        "right": 0,
                        "top": 0,
                      }
                    }
                  />
                </View>
                <View
                  style={
                    Object {
                      "alignItems": "flex-start",
                      "paddingBottom": 32,
                      "paddingHorizontal": 24,
                      "paddingVertical": 16,
                    }
                  }
                >
                  <View
                    style={
                      Object {
                        "marginBottom": 16,
                        "marginTop": -32,
                      }
                    }
                  >
                    <View
                      style={
                        Object {
                          "alignItems": "center",
                          "alignSelf": "stretch",
                          "backgroundColor": "#A5A5A5",
                          "borderRadius": 16,
                          "height": 32,
                          "paddingHorizontal": 12,
                          "width": 64,
                        }
                      }
                    />
                  </View>
                </View>
              </View>
            </View>
          </View>
        </View>
        <View
          onLayout={[Function]}
          style={null}
        >
          <View
            accessible={true}
            clickable={true}
            onClick={[Function]}
            onResponderGrant={[Function]}
            onResponderMove={[Function]}
            onResponderRelease={[Function]}
            onResponderTerminate={[Function]}
            onResponderTerminationRequest={[Function]}
            onStartShouldSetResponder={[Function]}
            style={
              Object {
                "transform": Array [
                  Object {
                    "scale": 1,
                  },
                ],
              }
            }
          >
            <View
              isLoading={true}
              style={
                Object {
                  "backgroundColor": "#FFFFFF",
                  "borderRadius": 16,
                  "marginHorizontal": 16,
                  "marginVertical": 12,
                  "shadowColor": "rgba(0, 0, 0, 0.09999999999999998)",
                  "shadowOffset": Object {
                    "height": 2,
                    "width": 0,
                  },
                  "shadowOpacity": 1,
                  "shadowRadius": 8,
                }
              }
            >
              <View
                style={
                  Object {
                    "borderRadius": 16,
                    "overflow": "hidden",
                  }
                }
              >
                <View
                  style={
                    Object {
                      "backgroundColor": "#A5A5A5",
                      "overflow": "hidden",
                      "width": "100%",
                    }
                  }
                >
                  <View
                    animate={null}
                    customAnimate={null}
                    onReady={false}
                    style={
                      Object {
                        "aspectRatio": 1,
                        "backgroundColor": "#A5A5A5",
                        "resizeMode": "cover",
                        "width": "100%",
                      }
                    }
                  >
                    <Image
                      maxAspectRatio={1.78}
                      minAspectRatio={1.2}
                      onLoad={[Function]}
                      source={Array []}
                      style={
                        Object {
                          "aspectRatio": 1,
                          "backgroundColor": "#A5A5A5",
                          "opacity": 0,
                          "resizeMode": "cover",
                          "width": "100%",
                        }
                      }
                    />
                  </View>
                  <BVLinearGradient
                    colors={
                      Array [
                        2147483648,
                        0,
                      ]
                    }
                    endPoint={
                      Object {
                        "x": 0,
                        "y": 1,
                      }
                    }
                    locations={
                      Array [
                        0,
                        1,
                      ]
                    }
                    overlayColor="#000000"
                    overlayType="gradient-top"
                    startPoint={
                      Object {
                        "x": 0,
                        "y": 0,
                      }
                    }
                    style={
                      Object {
                        "bottom": 0,
                        "left": 0,
                        "position": "absolute",
                        "right": 0,
                        "top": 0,
                      }
                    }
                  />
                </View>
                <View
                  style={
                    Object {
                      "alignItems": "flex-start",
                      "paddingBottom": 32,
                      "paddingHorizontal": 24,
                      "paddingVertical": 16,
                    }
                  }
                >
                  <View
                    style={
                      Object {
                        "marginBottom": 16,
                        "marginTop": -32,
                      }
                    }
                  >
                    <View
                      style={
                        Object {
                          "alignItems": "center",
                          "alignSelf": "stretch",
                          "backgroundColor": "#A5A5A5",
                          "borderRadius": 16,
                          "height": 32,
                          "paddingHorizontal": 12,
                          "width": 64,
                        }
                      }
                    />
                  </View>
                </View>
              </View>
            </View>
          </View>
        </View>
        <View
          onLayout={[Function]}
          style={null}
        >
          <View
            accessible={true}
            clickable={true}
            onClick={[Function]}
            onResponderGrant={[Function]}
            onResponderMove={[Function]}
            onResponderRelease={[Function]}
            onResponderTerminate={[Function]}
            onResponderTerminationRequest={[Function]}
            onStartShouldSetResponder={[Function]}
            style={
              Object {
                "transform": Array [
                  Object {
                    "scale": 1,
                  },
                ],
              }
            }
          >
            <View
              isLoading={true}
              style={
                Object {
                  "backgroundColor": "#FFFFFF",
                  "borderRadius": 16,
                  "marginHorizontal": 16,
                  "marginVertical": 12,
                  "shadowColor": "rgba(0, 0, 0, 0.09999999999999998)",
                  "shadowOffset": Object {
                    "height": 2,
                    "width": 0,
                  },
                  "shadowOpacity": 1,
                  "shadowRadius": 8,
                }
              }
            >
              <View
                style={
                  Object {
                    "borderRadius": 16,
                    "overflow": "hidden",
                  }
                }
              >
                <View
                  style={
                    Object {
                      "backgroundColor": "#A5A5A5",
                      "overflow": "hidden",
                      "width": "100%",
                    }
                  }
                >
                  <View
                    animate={null}
                    customAnimate={null}
                    onReady={false}
                    style={
                      Object {
                        "aspectRatio": 1,
                        "backgroundColor": "#A5A5A5",
                        "resizeMode": "cover",
                        "width": "100%",
                      }
                    }
                  >
                    <Image
                      maxAspectRatio={1.78}
                      minAspectRatio={1.2}
                      onLoad={[Function]}
                      source={Array []}
                      style={
                        Object {
                          "aspectRatio": 1,
                          "backgroundColor": "#A5A5A5",
                          "opacity": 0,
                          "resizeMode": "cover",
                          "width": "100%",
                        }
                      }
                    />
                  </View>
                  <BVLinearGradient
                    colors={
                      Array [
                        2147483648,
                        0,
                      ]
                    }
                    endPoint={
                      Object {
                        "x": 0,
                        "y": 1,
                      }
                    }
                    locations={
                      Array [
                        0,
                        1,
                      ]
                    }
                    overlayColor="#000000"
                    overlayType="gradient-top"
                    startPoint={
                      Object {
                        "x": 0,
                        "y": 0,
                      }
                    }
                    style={
                      Object {
                        "bottom": 0,
                        "left": 0,
                        "position": "absolute",
                        "right": 0,
                        "top": 0,
                      }
                    }
                  />
                </View>
                <View
                  style={
                    Object {
                      "alignItems": "flex-start",
                      "paddingBottom": 32,
                      "paddingHorizontal": 24,
                      "paddingVertical": 16,
                    }
                  }
                >
                  <View
                    style={
                      Object {
                        "marginBottom": 16,
                        "marginTop": -32,
                      }
                    }
                  >
                    <View
                      style={
                        Object {
                          "alignItems": "center",
                          "alignSelf": "stretch",
                          "backgroundColor": "#A5A5A5",
                          "borderRadius": 16,
                          "height": 32,
                          "paddingHorizontal": 12,
                          "width": 64,
                        }
                      }
                    />
                  </View>
                </View>
              </View>
            </View>
          </View>
        </View>
        <View
          onLayout={[Function]}
          style={null}
        >
          <View
            accessible={true}
            clickable={true}
            onClick={[Function]}
            onResponderGrant={[Function]}
            onResponderMove={[Function]}
            onResponderRelease={[Function]}
            onResponderTerminate={[Function]}
            onResponderTerminationRequest={[Function]}
            onStartShouldSetResponder={[Function]}
            style={
              Object {
                "transform": Array [
                  Object {
                    "scale": 1,
                  },
                ],
              }
            }
          >
            <View
              isLoading={true}
              style={
                Object {
                  "backgroundColor": "#FFFFFF",
                  "borderRadius": 16,
                  "marginHorizontal": 16,
                  "marginVertical": 12,
                  "shadowColor": "rgba(0, 0, 0, 0.09999999999999998)",
                  "shadowOffset": Object {
                    "height": 2,
                    "width": 0,
                  },
                  "shadowOpacity": 1,
                  "shadowRadius": 8,
                }
              }
            >
              <View
                style={
                  Object {
                    "borderRadius": 16,
                    "overflow": "hidden",
                  }
                }
              >
                <View
                  style={
                    Object {
                      "backgroundColor": "#A5A5A5",
                      "overflow": "hidden",
                      "width": "100%",
                    }
                  }
                >
                  <View
                    animate={null}
                    customAnimate={null}
                    onReady={false}
                    style={
                      Object {
                        "aspectRatio": 1,
                        "backgroundColor": "#A5A5A5",
                        "resizeMode": "cover",
                        "width": "100%",
                      }
                    }
                  >
                    <Image
                      maxAspectRatio={1.78}
                      minAspectRatio={1.2}
                      onLoad={[Function]}
                      source={Array []}
                      style={
                        Object {
                          "aspectRatio": 1,
                          "backgroundColor": "#A5A5A5",
                          "opacity": 0,
                          "resizeMode": "cover",
                          "width": "100%",
                        }
                      }
                    />
                  </View>
                  <BVLinearGradient
                    colors={
                      Array [
                        2147483648,
                        0,
                      ]
                    }
                    endPoint={
                      Object {
                        "x": 0,
                        "y": 1,
                      }
                    }
                    locations={
                      Array [
                        0,
                        1,
                      ]
                    }
                    overlayColor="#000000"
                    overlayType="gradient-top"
                    startPoint={
                      Object {
                        "x": 0,
                        "y": 0,
                      }
                    }
                    style={
                      Object {
                        "bottom": 0,
                        "left": 0,
                        "position": "absolute",
                        "right": 0,
                        "top": 0,
                      }
                    }
                  />
                </View>
                <View
                  style={
                    Object {
                      "alignItems": "flex-start",
                      "paddingBottom": 32,
                      "paddingHorizontal": 24,
                      "paddingVertical": 16,
                    }
                  }
                >
                  <View
                    style={
                      Object {
                        "marginBottom": 16,
                        "marginTop": -32,
                      }
                    }
                  >
                    <View
                      style={
                        Object {
                          "alignItems": "center",
                          "alignSelf": "stretch",
                          "backgroundColor": "#A5A5A5",
                          "borderRadius": 16,
                          "height": 32,
                          "paddingHorizontal": 12,
                          "width": 64,
                        }
                      }
                    />
                  </View>
                </View>
              </View>
            </View>
          </View>
        </View>
        <View
          onLayout={[Function]}
          style={null}
        >
          <View
            accessible={true}
            clickable={true}
            onClick={[Function]}
            onResponderGrant={[Function]}
            onResponderMove={[Function]}
            onResponderRelease={[Function]}
            onResponderTerminate={[Function]}
            onResponderTerminationRequest={[Function]}
            onStartShouldSetResponder={[Function]}
            style={
              Object {
                "transform": Array [
                  Object {
                    "scale": 1,
                  },
                ],
              }
            }
          >
            <View
              isLoading={true}
              style={
                Object {
                  "backgroundColor": "#FFFFFF",
                  "borderRadius": 16,
                  "marginHorizontal": 16,
                  "marginVertical": 12,
                  "shadowColor": "rgba(0, 0, 0, 0.09999999999999998)",
                  "shadowOffset": Object {
                    "height": 2,
                    "width": 0,
                  },
                  "shadowOpacity": 1,
                  "shadowRadius": 8,
                }
              }
            >
              <View
                style={
                  Object {
                    "borderRadius": 16,
                    "overflow": "hidden",
                  }
                }
              >
                <View
                  style={
                    Object {
                      "backgroundColor": "#A5A5A5",
                      "overflow": "hidden",
                      "width": "100%",
                    }
                  }
                >
                  <View
                    animate={null}
                    customAnimate={null}
                    onReady={false}
                    style={
                      Object {
                        "aspectRatio": 1,
                        "backgroundColor": "#A5A5A5",
                        "resizeMode": "cover",
                        "width": "100%",
                      }
                    }
                  >
                    <Image
                      maxAspectRatio={1.78}
                      minAspectRatio={1.2}
                      onLoad={[Function]}
                      source={Array []}
                      style={
                        Object {
                          "aspectRatio": 1,
                          "backgroundColor": "#A5A5A5",
                          "opacity": 0,
                          "resizeMode": "cover",
                          "width": "100%",
                        }
                      }
                    />
                  </View>
                  <BVLinearGradient
                    colors={
                      Array [
                        2147483648,
                        0,
                      ]
                    }
                    endPoint={
                      Object {
                        "x": 0,
                        "y": 1,
                      }
                    }
                    locations={
                      Array [
                        0,
                        1,
                      ]
                    }
                    overlayColor="#000000"
                    overlayType="gradient-top"
                    startPoint={
                      Object {
                        "x": 0,
                        "y": 0,
                      }
                    }
                    style={
                      Object {
                        "bottom": 0,
                        "left": 0,
                        "position": "absolute",
                        "right": 0,
                        "top": 0,
                      }
                    }
                  />
                </View>
                <View
                  style={
                    Object {
                      "alignItems": "flex-start",
                      "paddingBottom": 32,
                      "paddingHorizontal": 24,
                      "paddingVertical": 16,
                    }
                  }
                >
                  <View
                    style={
                      Object {
                        "marginBottom": 16,
                        "marginTop": -32,
                      }
                    }
                  >
                    <View
                      style={
                        Object {
                          "alignItems": "center",
                          "alignSelf": "stretch",
                          "backgroundColor": "#A5A5A5",
                          "borderRadius": 16,
                          "height": 32,
                          "paddingHorizontal": 12,
                          "width": 64,
                        }
                      }
                    />
                  </View>
                </View>
              </View>
            </View>
          </View>
        </View>
        <View
          onLayout={[Function]}
          style={null}
        >
          <View
            accessible={true}
            clickable={true}
            onClick={[Function]}
            onResponderGrant={[Function]}
            onResponderMove={[Function]}
            onResponderRelease={[Function]}
            onResponderTerminate={[Function]}
            onResponderTerminationRequest={[Function]}
            onStartShouldSetResponder={[Function]}
            style={
              Object {
                "transform": Array [
                  Object {
                    "scale": 1,
                  },
                ],
              }
            }
          >
            <View
              isLoading={true}
              style={
                Object {
                  "backgroundColor": "#FFFFFF",
                  "borderRadius": 16,
                  "marginHorizontal": 16,
                  "marginVertical": 12,
                  "shadowColor": "rgba(0, 0, 0, 0.09999999999999998)",
                  "shadowOffset": Object {
                    "height": 2,
                    "width": 0,
                  },
                  "shadowOpacity": 1,
                  "shadowRadius": 8,
                }
              }
            >
              <View
                style={
                  Object {
                    "borderRadius": 16,
                    "overflow": "hidden",
                  }
                }
              >
                <View
                  style={
                    Object {
                      "backgroundColor": "#A5A5A5",
                      "overflow": "hidden",
                      "width": "100%",
                    }
                  }
                >
                  <View
                    animate={null}
                    customAnimate={null}
                    onReady={false}
                    style={
                      Object {
                        "aspectRatio": 1,
                        "backgroundColor": "#A5A5A5",
                        "resizeMode": "cover",
                        "width": "100%",
                      }
                    }
                  >
                    <Image
                      maxAspectRatio={1.78}
                      minAspectRatio={1.2}
                      onLoad={[Function]}
                      source={Array []}
                      style={
                        Object {
                          "aspectRatio": 1,
                          "backgroundColor": "#A5A5A5",
                          "opacity": 0,
                          "resizeMode": "cover",
                          "width": "100%",
                        }
                      }
                    />
                  </View>
                  <BVLinearGradient
                    colors={
                      Array [
                        2147483648,
                        0,
                      ]
                    }
                    endPoint={
                      Object {
                        "x": 0,
                        "y": 1,
                      }
                    }
                    locations={
                      Array [
                        0,
                        1,
                      ]
                    }
                    overlayColor="#000000"
                    overlayType="gradient-top"
                    startPoint={
                      Object {
                        "x": 0,
                        "y": 0,
                      }
                    }
                    style={
                      Object {
                        "bottom": 0,
                        "left": 0,
                        "position": "absolute",
                        "right": 0,
                        "top": 0,
                      }
                    }
                  />
                </View>
                <View
                  style={
                    Object {
                      "alignItems": "flex-start",
                      "paddingBottom": 32,
                      "paddingHorizontal": 24,
                      "paddingVertical": 16,
                    }
                  }
                >
                  <View
                    style={
                      Object {
                        "marginBottom": 16,
                        "marginTop": -32,
                      }
                    }
                  >
                    <View
                      style={
                        Object {
                          "alignItems": "center",
                          "alignSelf": "stretch",
                          "backgroundColor": "#A5A5A5",
                          "borderRadius": 16,
                          "height": 32,
                          "paddingHorizontal": 12,
                          "width": 64,
                        }
                      }
                    />
                  </View>
                </View>
              </View>
            </View>
          </View>
        </View>
        <View
          onLayout={[Function]}
          style={null}
        >
          <View
            accessible={true}
            clickable={true}
            onClick={[Function]}
            onResponderGrant={[Function]}
            onResponderMove={[Function]}
            onResponderRelease={[Function]}
            onResponderTerminate={[Function]}
            onResponderTerminationRequest={[Function]}
            onStartShouldSetResponder={[Function]}
            style={
              Object {
                "transform": Array [
                  Object {
                    "scale": 1,
                  },
                ],
              }
            }
          >
            <View
              isLoading={true}
              style={
                Object {
                  "backgroundColor": "#FFFFFF",
                  "borderRadius": 16,
                  "marginHorizontal": 16,
                  "marginVertical": 12,
                  "shadowColor": "rgba(0, 0, 0, 0.09999999999999998)",
                  "shadowOffset": Object {
                    "height": 2,
                    "width": 0,
                  },
                  "shadowOpacity": 1,
                  "shadowRadius": 8,
                }
              }
            >
              <View
                style={
                  Object {
                    "borderRadius": 16,
                    "overflow": "hidden",
                  }
                }
              >
                <View
                  style={
                    Object {
                      "backgroundColor": "#A5A5A5",
                      "overflow": "hidden",
                      "width": "100%",
                    }
                  }
                >
                  <View
                    animate={null}
                    customAnimate={null}
                    onReady={false}
                    style={
                      Object {
                        "aspectRatio": 1,
                        "backgroundColor": "#A5A5A5",
                        "resizeMode": "cover",
                        "width": "100%",
                      }
                    }
                  >
                    <Image
                      maxAspectRatio={1.78}
                      minAspectRatio={1.2}
                      onLoad={[Function]}
                      source={Array []}
                      style={
                        Object {
                          "aspectRatio": 1,
                          "backgroundColor": "#A5A5A5",
                          "opacity": 0,
                          "resizeMode": "cover",
                          "width": "100%",
                        }
                      }
                    />
                  </View>
                  <BVLinearGradient
                    colors={
                      Array [
                        2147483648,
                        0,
                      ]
                    }
                    endPoint={
                      Object {
                        "x": 0,
                        "y": 1,
                      }
                    }
                    locations={
                      Array [
                        0,
                        1,
                      ]
                    }
                    overlayColor="#000000"
                    overlayType="gradient-top"
                    startPoint={
                      Object {
                        "x": 0,
                        "y": 0,
                      }
                    }
                    style={
                      Object {
                        "bottom": 0,
                        "left": 0,
                        "position": "absolute",
                        "right": 0,
                        "top": 0,
                      }
                    }
                  />
                </View>
                <View
                  style={
                    Object {
                      "alignItems": "flex-start",
                      "paddingBottom": 32,
                      "paddingHorizontal": 24,
                      "paddingVertical": 16,
                    }
                  }
                >
                  <View
                    style={
                      Object {
                        "marginBottom": 16,
                        "marginTop": -32,
                      }
                    }
                  >
                    <View
                      style={
                        Object {
                          "alignItems": "center",
                          "alignSelf": "stretch",
                          "backgroundColor": "#A5A5A5",
                          "borderRadius": 16,
                          "height": 32,
                          "paddingHorizontal": 12,
                          "width": 64,
                        }
                      }
                    />
                  </View>
                </View>
              </View>
            </View>
          </View>
        </View>
        <View
          onLayout={[Function]}
          style={null}
        >
          <View
            accessible={true}
            clickable={true}
            onClick={[Function]}
            onResponderGrant={[Function]}
            onResponderMove={[Function]}
            onResponderRelease={[Function]}
            onResponderTerminate={[Function]}
            onResponderTerminationRequest={[Function]}
            onStartShouldSetResponder={[Function]}
            style={
              Object {
                "transform": Array [
                  Object {
                    "scale": 1,
                  },
                ],
              }
            }
          >
            <View
              isLoading={true}
              style={
                Object {
                  "backgroundColor": "#FFFFFF",
                  "borderRadius": 16,
                  "marginHorizontal": 16,
                  "marginVertical": 12,
                  "shadowColor": "rgba(0, 0, 0, 0.09999999999999998)",
                  "shadowOffset": Object {
                    "height": 2,
                    "width": 0,
                  },
                  "shadowOpacity": 1,
                  "shadowRadius": 8,
                }
              }
            >
              <View
                style={
                  Object {
                    "borderRadius": 16,
                    "overflow": "hidden",
                  }
                }
              >
                <View
                  style={
                    Object {
                      "backgroundColor": "#A5A5A5",
                      "overflow": "hidden",
                      "width": "100%",
                    }
                  }
                >
                  <View
                    animate={null}
                    customAnimate={null}
                    onReady={false}
                    style={
                      Object {
                        "aspectRatio": 1,
                        "backgroundColor": "#A5A5A5",
                        "resizeMode": "cover",
                        "width": "100%",
                      }
                    }
                  >
                    <Image
                      maxAspectRatio={1.78}
                      minAspectRatio={1.2}
                      onLoad={[Function]}
                      source={Array []}
                      style={
                        Object {
                          "aspectRatio": 1,
                          "backgroundColor": "#A5A5A5",
                          "opacity": 0,
                          "resizeMode": "cover",
                          "width": "100%",
                        }
                      }
                    />
                  </View>
                  <BVLinearGradient
                    colors={
                      Array [
                        2147483648,
                        0,
                      ]
                    }
                    endPoint={
                      Object {
                        "x": 0,
                        "y": 1,
                      }
                    }
                    locations={
                      Array [
                        0,
                        1,
                      ]
                    }
                    overlayColor="#000000"
                    overlayType="gradient-top"
                    startPoint={
                      Object {
                        "x": 0,
                        "y": 0,
                      }
                    }
                    style={
                      Object {
                        "bottom": 0,
                        "left": 0,
                        "position": "absolute",
                        "right": 0,
                        "top": 0,
                      }
                    }
                  />
                </View>
                <View
                  style={
                    Object {
                      "alignItems": "flex-start",
                      "paddingBottom": 32,
                      "paddingHorizontal": 24,
                      "paddingVertical": 16,
                    }
                  }
                >
                  <View
                    style={
                      Object {
                        "marginBottom": 16,
                        "marginTop": -32,
                      }
                    }
                  >
                    <View
                      style={
                        Object {
                          "alignItems": "center",
                          "alignSelf": "stretch",
                          "backgroundColor": "#A5A5A5",
                          "borderRadius": 16,
                          "height": 32,
                          "paddingHorizontal": 12,
                          "width": 64,
                        }
                      }
                    />
                  </View>
                </View>
              </View>
            </View>
          </View>
        </View>
        <View
          onLayout={[Function]}
          style={null}
        >
          <View
            accessible={true}
            clickable={true}
            onClick={[Function]}
            onResponderGrant={[Function]}
            onResponderMove={[Function]}
            onResponderRelease={[Function]}
            onResponderTerminate={[Function]}
            onResponderTerminationRequest={[Function]}
            onStartShouldSetResponder={[Function]}
            style={
              Object {
                "transform": Array [
                  Object {
                    "scale": 1,
                  },
                ],
              }
            }
          >
            <View
              isLoading={true}
              style={
                Object {
                  "backgroundColor": "#FFFFFF",
                  "borderRadius": 16,
                  "marginHorizontal": 16,
                  "marginVertical": 12,
                  "shadowColor": "rgba(0, 0, 0, 0.09999999999999998)",
                  "shadowOffset": Object {
                    "height": 2,
                    "width": 0,
                  },
                  "shadowOpacity": 1,
                  "shadowRadius": 8,
                }
              }
            >
              <View
                style={
                  Object {
                    "borderRadius": 16,
                    "overflow": "hidden",
                  }
                }
              >
                <View
                  style={
                    Object {
                      "backgroundColor": "#A5A5A5",
                      "overflow": "hidden",
                      "width": "100%",
                    }
                  }
                >
                  <View
                    animate={null}
                    customAnimate={null}
                    onReady={false}
                    style={
                      Object {
                        "aspectRatio": 1,
                        "backgroundColor": "#A5A5A5",
                        "resizeMode": "cover",
                        "width": "100%",
                      }
                    }
                  >
                    <Image
                      maxAspectRatio={1.78}
                      minAspectRatio={1.2}
                      onLoad={[Function]}
                      source={Array []}
                      style={
                        Object {
                          "aspectRatio": 1,
                          "backgroundColor": "#A5A5A5",
                          "opacity": 0,
                          "resizeMode": "cover",
                          "width": "100%",
                        }
                      }
                    />
                  </View>
                  <BVLinearGradient
                    colors={
                      Array [
                        2147483648,
                        0,
                      ]
                    }
                    endPoint={
                      Object {
                        "x": 0,
                        "y": 1,
                      }
                    }
                    locations={
                      Array [
                        0,
                        1,
                      ]
                    }
                    overlayColor="#000000"
                    overlayType="gradient-top"
                    startPoint={
                      Object {
                        "x": 0,
                        "y": 0,
                      }
                    }
                    style={
                      Object {
                        "bottom": 0,
                        "left": 0,
                        "position": "absolute",
                        "right": 0,
                        "top": 0,
                      }
                    }
                  />
                </View>
                <View
                  style={
                    Object {
                      "alignItems": "flex-start",
                      "paddingBottom": 32,
                      "paddingHorizontal": 24,
                      "paddingVertical": 16,
                    }
                  }
                >
                  <View
                    style={
                      Object {
                        "marginBottom": 16,
                        "marginTop": -32,
                      }
                    }
                  >
                    <View
                      style={
                        Object {
                          "alignItems": "center",
                          "alignSelf": "stretch",
                          "backgroundColor": "#A5A5A5",
                          "borderRadius": 16,
                          "height": 32,
                          "paddingHorizontal": 12,
                          "width": 64,
                        }
                      }
                    />
                  </View>
                </View>
              </View>
            </View>
          </View>
        </View>
      </View>
    </RCTScrollView>
  </View>
</BVLinearGradient>
`;
